Reference SampleID	Aligned SampleID	TaxonError	a	b	alpha	beta	overlap	Taxa Names	Alignment Scores (SSD)
28_1	28_2	0.02310238881544974	0.68	2.0	2.0	17.64	0.4468571428571429	L. crispatus	0.3613558531314268
28_1	28_3	0.01712242876464453	0.8	1.0	1.0	22.6	0.6171428571428572	L. crispatus	0.36984446131632187
28_1	28_4	0.06116909946598719	0.62	-2.0	1.0	11.64	0.304	L. crispatus	0.6508681292930963
